tail: cannot open 'runtime/trades.jsonl' for reading: No such file or directory
tail: cannot open 'runtime/trades.jsonl' for reading: No such file or directory
tail: error writing 'standard output': No space left on device
bash: line 5: echo: write error: No space left on device
bash: line 2: echo: write error: No space left on device
grep: write error: No space left on device
tail: error writing 'standard output': No space left on device
bash: line 6: echo: write error: No space left on device
bash: line 2: echo: write error: No space left on device
grep: write error: No space left on device
tail: error writing 'standard output': No space left on device
bash: line 5: echo: write error: No space left on device
bash: line 2: echo: write error: No space left on device
grep: write error: No space left on device
tail: error writing 'standard output': No space left on device
bash: line 6: echo: write error: No space left on device
bash: line 2: echo: write error: No space left on device
grep: write error: No space left on device
tail: error writing 'standard output': No space left on device
bash: line 5: echo: write error: No space left on device
bash: line 2: echo: write error: No space left on device
grep: write error: No space left on device
tail: error writing 'standard output': No space left on device
bash: line 6: echo: write error: No space left on device
bash: line 2: echo: write error: No space left on device
grep: write error: No space left on device
tail: error writing 'standard output': No space left on device
bash: line 5: echo: write error: No space left on device
bash: line 2: echo: write error: No space left on device
grep: write error: No space left on device
tail: error writing 'standard output': No space left on device
bash: line 6: echo: write error: No space left on device
bash: line 2: echo: write error: No space left on device
grep: write error: No space left on device
tail: error writing 'standard output': No space left on device
bash: line 5: echo: write error: No space left on device
bash: line 2: echo: write error: No space left on device
grep: write error: No space left on device
tail: error writing 'standard output': No space left on device
bash: line 6: echo: write error: No space left on device
bash: line 2: echo: write error: No space left on device
grep: write error: No space left on device
tail: error writing 'standard output': No space left on device
bash: line 5: echo: write error: No space left on device
bash: line 2: echo: write error: No space left on device
grep: write error: No space left on device
tail: error writing 'standard output': No space left on device
bash: line 6: echo: write error: No space left on device
bash: line 2: echo: write error: No space left on device
grep: write error: No space left on device
tail: error writing 'standard output': No space left on device
bash: line 5: echo: write error: No space left on device
bash: line 2: echo: write error: No space left on device
grep: write error: No space left on device
tail: error writing 'standard output': No space left on device
bash: line 6: echo: write error: No space left on device
bash: line 2: echo: write error: No space left on device
grep: write error: No space left on device
tail: error writing 'standard output': No space left on device
bash: line 5: echo: write error: No space left on device
bash: line 2: echo: write error: No space left on device
grep: write error: No space left on device
tail: error writing 'standard output': No space left on device
bash: line 6: echo: write error: No space left on device
bash: line 2: echo: write error: No space left on device
grep: write error: No space left on device
tail: error writing 'standard output': No space left on device
bash: line 5: echo: write error: No space left on device
tail: error writing 'standard output': No space left on device
bash: line 6: echo: write error: No space left on device
bash: line 2: echo: write error: No space left on device
grep: write error: No space left on device
tail: error writing 'standard output': No space left on device
bash: line 5: